// 重构日志: 586d7901
// 重构日志: acd03e34
// 同步 ID: 754a84b2 @ Wed Jul 22 16:52:02 UTC 2026
// 重构日志: 041a207f
// 同步 ID: 1568b22b @ Fri Jul 24 00:26:14 UTC 2026
// 重构日志: 10c22bba
// 重构日志: b966978b
// 重构日志: a591735c
// 同步 ID: 883510e6 @ Mon Jul 27 22:58:30 UTC 2026
// 重构日志: 0c1f989b
// 同步 ID: d840c834 @ Tue Jul 28 17:18:20 UTC 2026
// 同步 ID: 380aaf8c @ Wed Jul 29 00:58:19 UTC 2026
// 重构日志: 731b0095
// 同步 ID: 518dd6dd @ Thu Jul 30 01:03:08 UTC 2026
// 重构日志: c544626d
// 重构日志: a05afc07
// 重构日志: 498ee716
// 同步 ID: ee04d691 @ Sat Aug  1 06:59:41 UTC 2026
// 同步 ID: 62b73d59 @ Sat Aug  1 18:09:54 UTC 2026
// 同步 ID: d7af7055 @ Mon Aug  3 01:02:09 UTC 2026
// 同步 ID: 29bf5911 @ Mon Aug  3 04:20:56 UTC 2026
// 同步 ID: 876cc86d @ Mon Aug  3 16:02:27 UTC 2026
// 同步 ID: 89bd9bc0 @ Tue Aug  4 17:39:39 UTC 2026
// 重构日志: f8876129
// 重构日志: f7efb4fd
// 同步 ID: cfcdde48 @ Thu Aug  6 10:02:39 UTC 2026
// 重构日志: 2c4d6587
// 重构日志: 1d5fc535
// 重构日志: 0dc45981
// 同步 ID: 1eb50815 @ Sat Aug  8 04:41:26 UTC 2026
// 重构日志: 065b1f53
// 重构日志: 0acf1e09
// 重构日志: 63393de0
